18:10:12 **** Incremental Build of configuration Debug for project lab1_ex1 ****
make -j8 all 
arm-none-eabi-gcc "../Core/Src/main.c" -mcpu=cortex-m3 -std=gnu11 -g3 -DDEBUG -DUSE_HAL_DRIVER -DSTM32F103x6 -c -I../Core/Inc -I../Drivers/STM32F1xx_HAL_Driver/Inc/Legacy -I../Drivers/STM32F1xx_HAL_Driver/Inc -I../Drivers/CMSIS/Device/ST/STM32F1xx/Include -I../Drivers/CMSIS/Include -O0 -ffunction-sections -fdata-sections -Wall -fstack-usage -MMD -MP -MF"Core/Src/main.d" -MT"Core/Src/main.o" --specs=nano.specs -mfloat-abi=soft -mthumb -o "Core/Src/main.o"
arm-none-eabi-gcc -o "lab1_ex1.elf" @"objects.list"   -mcpu=cortex-m3 -T"C:\Users\legolas\STM32CubeIDE\workspace_1.7.0\MCU\MCU_lab1\lab1_ex1\STM32F103C6TX_FLASH.ld" --specs=nosys.specs -Wl,-Map="lab1_ex1.map" -Wl,--gc-sections -static --specs=nano.specs -mfloat-abi=soft -mthumb -Wl,--start-group -lc -lm -Wl,--end-group
Finished building target: lab1_ex1.elf
 
arm-none-eabi-size   lab1_ex1.elf 
arm-none-eabi-objdump -h -S  lab1_ex1.elf  > "lab1_ex1.list"
arm-none-eabi-objcopy  -O ihex  lab1_ex1.elf  "lab1_ex1.hex"
   text	   data	    bss	    dec	    hex	filename
   4692	     20	   1572	   6284	   188c	lab1_ex1.elf
Finished building: default.size.stdout
 
Finished building: lab1_ex1.hex
Finished building: lab1_ex1.list
 
 
